{"ts":"2026-02-27T21:05:03.336","level":"INFO","logger":"o.h.jpa.internal.util.LogHelper","thread":"main","msg":"HHH000204: Processing PersistenceUnitInfo [name: h2-test]"}
{"ts":"2026-02-27T21:05:03.393","level":"INFO","logger":"org.hibernate.Version","thread":"main","msg":"HHH000412: Hibernate ORM core version 6.2.7.Final"}
{"ts":"2026-02-27T21:05:03.397","level":"INFO","logger":"org.hibernate.cfg.Environment","thread":"main","msg":"HHH000406: Using bytecode reflection optimizer"}
{"ts":"2026-02-27T21:05:03.648","level":"WARN","logger":"o.hibernate.orm.connections.pooling","thread":"main","msg":"HHH10001002: Using built-in connection pool (not intended for production use)"}
{"ts":"2026-02-27T21:05:03.651","level":"INFO","logger":"o.hibernate.orm.connections.pooling","thread":"main","msg":"HHH10001005: Loaded JDBC driver class: org.h2.Driver"}
{"ts":"2026-02-27T21:05:03.651","level":"INFO","logger":"o.hibernate.orm.connections.pooling","thread":"main","msg":"HHH10001012: Connecting with JDBC URL [jdbc:h2:mem:testdb;MODE=PostgreSQL;DB_CLOSE_DELAY=-1]"}
{"ts":"2026-02-27T21:05:03.652","level":"INFO","logger":"o.hibernate.orm.connections.pooling","thread":"main","msg":"HHH10001001: Connection properties: {password=****, user=sa}"}
{"ts":"2026-02-27T21:05:03.652","level":"INFO","logger":"o.hibernate.orm.connections.pooling","thread":"main","msg":"HHH10001003: Autocommit mode: false"}
{"ts":"2026-02-27T21:05:03.655","level":"INFO","logger":"o.hibernate.orm.connections.pooling","thread":"main","msg":"HHH10001115: Connection pool size: 20 (min=1)"}
{"ts":"2026-02-27T21:05:03.987","level":"INFO","logger":"org.hibernate.orm.beans","thread":"main","msg":"HHH10005002: No explicit CDI BeanManager reference was passed to Hibernate, but CDI is available on the Hibernate ClassLoader."}
{"ts":"2026-02-27T21:05:04.255","level":"INFO","logger":"o.h.b.i.BytecodeProviderInitiator","thread":"main","msg":"HHH000021: Bytecode provider name : bytebuddy"}
{"ts":"2026-02-27T21:05:04.480","level":"INFO","logger":"o.h.validator.internal.util.Version","thread":"main","msg":"HV000001: Hibernate Validator 8.0.1.Final"}
{"ts":"2026-02-27T21:05:05.142","level":"INFO","logger":"o.h.e.t.j.p.i.JtaPlatformInitiator","thread":"main","msg":"HHH000490: Using JtaPlatform implementation: [org.hibernate.engine.transaction.jta.platform.internal.NoJtaPlatform]"}
{"ts":"2026-02-27T21:05:05.158","level":"DEBUG","logger":"org.hibernate.SQL","thread":"main","msg":"
    drop table if exists annonce cascade "}
{"ts":"2026-02-27T21:05:05.159","level":"INFO","logger":"o.hibernate.orm.connections.access","thread":"main","msg":"HHH10001501: Connection obtained from JdbcConnectionAccess [org.hibernate.engine.jdbc.env.internal.JdbcEnvironmentInitiator$ConnectionProviderJdbcConnectionAccess@5c4f4330] for (non-JTA) DDL execution was not in auto-commit mode; the Connection 'local transaction' will be committed and the Connection will be set into auto-commit mode."}
{"ts":"2026-02-27T21:05:05.163","level":"DEBUG","logger":"org.hibernate.SQL","thread":"main","msg":"
    drop table if exists category cascade "}
{"ts":"2026-02-27T21:05:05.164","level":"DEBUG","logger":"org.hibernate.SQL","thread":"main","msg":"
    drop table if exists users cascade "}
{"ts":"2026-02-27T21:05:05.171","level":"DEBUG","logger":"org.hibernate.SQL","thread":"main","msg":"
    create table annonce (
        author_id bigint not null,
        category_id bigint not null,
        date timestamp(6),
        id bigint generated by default as identity,
        version bigint,
        adress varchar(64) not null,
        mail varchar(64) not null,
        title varchar(64) not null,
        description varchar(256) not null,
        status varchar(255) not null check (status in ('DRAFT','PUBLISHED','ARCHIVED')),
        primary key (id)
    )"}
{"ts":"2026-02-27T21:05:05.172","level":"INFO","logger":"o.hibernate.orm.connections.access","thread":"main","msg":"HHH10001501: Connection obtained from JdbcConnectionAccess [org.hibernate.engine.jdbc.env.internal.JdbcEnvironmentInitiator$ConnectionProviderJdbcConnectionAccess@6def0632] for (non-JTA) DDL execution was not in auto-commit mode; the Connection 'local transaction' will be committed and the Connection will be set into auto-commit mode."}
{"ts":"2026-02-27T21:05:05.187","level":"DEBUG","logger":"org.hibernate.SQL","thread":"main","msg":"
    create table category (
        id bigint generated by default as identity,
        label varchar(255) not null,
        primary key (id),
        constraint UKqa4k6p9mhd8aa4xc39uygxwut unique (label)
    )"}
{"ts":"2026-02-27T21:05:05.191","level":"DEBUG","logger":"org.hibernate.SQL","thread":"main","msg":"
    create table users (
        createdAt timestamp(6),
        id bigint generated by default as identity,
        email varchar(255) not null,
        password varchar(255) not null,
        username varchar(255) not null,
        primary key (id),
        constraint UKr43af9ap4edm43mmtq01oddj6 unique (username),
        constraint UK6dotkott2kjsp8vw4d0m25fb7 unique (email)
    )"}
{"ts":"2026-02-27T21:05:05.195","level":"DEBUG","logger":"org.hibernate.SQL","thread":"main","msg":"
    alter table if exists annonce 
       add constraint FK9c12exxpp9eanoc1ndnx9nad9 
       foreign key (author_id) 
       references users"}
{"ts":"2026-02-27T21:05:05.207","level":"DEBUG","logger":"org.hibernate.SQL","thread":"main","msg":"
    alter table if exists annonce 
       add constraint FKhplwwwg5ajvl7b8h10be2t30c 
       foreign key (category_id) 
       references category"}
{"ts":"2026-02-27T21:05:05.290","level":"DEBUG","logger":"org.hibernate.SQL","thread":"main","msg":"
    insert 
    into
        users
        (createdAt,email,password,username,id) 
    values
        (?,?,?,?,default)"}
{"ts":"2026-02-27T21:05:05.320","level":"DEBUG","logger":"org.hibernate.SQL","thread":"main","msg":"
    insert 
    into
        category
        (label,id) 
    values
        (?,default)"}
{"ts":"2026-02-27T21:05:05.690","level":"DEBUG","logger":"org.hibernate.SQL","thread":"main","msg":"
    select
        u1_0.id,
        u1_0.createdAt,
        u1_0.email,
        u1_0.password,
        u1_0.username 
    from
        users u1_0 
    where
        u1_0.username=?"}
{"ts":"2026-02-27T21:05:05.699","level":"DEBUG","logger":"org.hibernate.SQL","thread":"main","msg":"
    select
        c1_0.id,
        c1_0.label 
    from
        category c1_0 
    where
        c1_0.label=?"}
{"ts":"2026-02-27T21:05:05.702","level":"DEBUG","logger":"org.hibernate.SQL","thread":"main","msg":"
    insert 
    into
        annonce
        (adress,author_id,category_id,date,description,mail,status,title,version,id) 
    values
        (?,?,?,?,?,?,?,?,?,default)"}
{"ts":"2026-02-27T21:05:05.704","level":"DEBUG","logger":"org.hibernate.SQL","thread":"main","msg":"
    insert 
    into
        annonce
        (adress,author_id,category_id,date,description,mail,status,title,version,id) 
    values
        (?,?,?,?,?,?,?,?,?,default)"}
{"ts":"2026-02-27T21:05:05.705","level":"DEBUG","logger":"org.hibernate.SQL","thread":"main","msg":"
    insert 
    into
        annonce
        (adress,author_id,category_id,date,description,mail,status,title,version,id) 
    values
        (?,?,?,?,?,?,?,?,?,default)"}
{"ts":"2026-02-27T21:05:05.707","level":"DEBUG","logger":"org.hibernate.SQL","thread":"main","msg":"
    insert 
    into
        annonce
        (adress,author_id,category_id,date,description,mail,status,title,version,id) 
    values
        (?,?,?,?,?,?,?,?,?,default)"}
{"ts":"2026-02-27T21:05:05.709","level":"DEBUG","logger":"org.hibernate.SQL","thread":"main","msg":"
    insert 
    into
        annonce
        (adress,author_id,category_id,date,description,mail,status,title,version,id) 
    values
        (?,?,?,?,?,?,?,?,?,default)"}
{"ts":"2026-02-27T21:05:05.741","level":"DEBUG","logger":"org.hibernate.SQL","thread":"main","msg":"
    select
        a1_0.id,
        a1_0.adress,
        a1_0.author_id,
        a1_0.category_id,
        a1_0.date,
        a1_0.description,
        a1_0.mail,
        a1_0.status,
        a1_0.title,
        a1_0.version 
    from
        annonce a1_0 
    where
        1=1 
        and a1_0.status=? 
    order by
        a1_0.date desc offset ? rows fetch first ? rows only"}
{"ts":"2026-02-27T21:05:05.748","level":"DEBUG","logger":"org.hibernate.SQL","thread":"main","msg":"
    select
        a1_0.id,
        a1_0.adress,
        a1_0.author_id,
        a1_0.category_id,
        a1_0.date,
        a1_0.description,
        a1_0.mail,
        a1_0.status,
        a1_0.title,
        a1_0.version 
    from
        annonce a1_0 
    where
        1=1 
        and a1_0.status=? 
    order by
        a1_0.date desc offset ? rows fetch first ? rows only"}
{"ts":"2026-02-27T21:05:05.752","level":"INFO","logger":"o.hibernate.orm.connections.pooling","thread":"main","msg":"HHH10001008: Cleaning up connection pool [jdbc:h2:mem:testdb;MODE=PostgreSQL;DB_CLOSE_DELAY=-1]"}
{"ts":"2026-02-27T21:05:05.775","level":"INFO","logger":"o.h.jpa.internal.util.LogHelper","thread":"main","msg":"HHH000204: Processing PersistenceUnitInfo [name: h2-test]"}
{"ts":"2026-02-27T21:05:05.785","level":"WARN","logger":"o.hibernate.orm.connections.pooling","thread":"main","msg":"HHH10001002: Using built-in connection pool (not intended for production use)"}
{"ts":"2026-02-27T21:05:05.786","level":"INFO","logger":"o.hibernate.orm.connections.pooling","thread":"main","msg":"HHH10001005: Loaded JDBC driver class: org.h2.Driver"}
{"ts":"2026-02-27T21:05:05.787","level":"INFO","logger":"o.hibernate.orm.connections.pooling","thread":"main","msg":"HHH10001012: Connecting with JDBC URL [jdbc:h2:mem:testdb;MODE=PostgreSQL;DB_CLOSE_DELAY=-1]"}
{"ts":"2026-02-27T21:05:05.787","level":"INFO","logger":"o.hibernate.orm.connections.pooling","thread":"main","msg":"HHH10001001: Connection properties: {password=****, user=sa}"}
{"ts":"2026-02-27T21:05:05.787","level":"INFO","logger":"o.hibernate.orm.connections.pooling","thread":"main","msg":"HHH10001003: Autocommit mode: false"}
{"ts":"2026-02-27T21:05:05.788","level":"INFO","logger":"o.hibernate.orm.connections.pooling","thread":"main","msg":"HHH10001115: Connection pool size: 20 (min=1)"}
{"ts":"2026-02-27T21:05:05.794","level":"INFO","logger":"org.hibernate.orm.beans","thread":"main","msg":"HHH10005002: No explicit CDI BeanManager reference was passed to Hibernate, but CDI is available on the Hibernate ClassLoader."}
{"ts":"2026-02-27T21:05:05.818","level":"INFO","logger":"o.h.b.i.BytecodeProviderInitiator","thread":"main","msg":"HHH000021: Bytecode provider name : bytebuddy"}
{"ts":"2026-02-27T21:05:05.910","level":"INFO","logger":"o.h.e.t.j.p.i.JtaPlatformInitiator","thread":"main","msg":"HHH000490: Using JtaPlatform implementation: [org.hibernate.engine.transaction.jta.platform.internal.NoJtaPlatform]"}
{"ts":"2026-02-27T21:05:05.911","level":"DEBUG","logger":"org.hibernate.SQL","thread":"main","msg":"
    drop table if exists annonce cascade "}
{"ts":"2026-02-27T21:05:05.912","level":"INFO","logger":"o.hibernate.orm.connections.access","thread":"main","msg":"HHH10001501: Connection obtained from JdbcConnectionAccess [org.hibernate.engine.jdbc.env.internal.JdbcEnvironmentInitiator$ConnectionProviderJdbcConnectionAccess@637506d8] for (non-JTA) DDL execution was not in auto-commit mode; the Connection 'local transaction' will be committed and the Connection will be set into auto-commit mode."}
{"ts":"2026-02-27T21:05:05.919","level":"DEBUG","logger":"org.hibernate.SQL","thread":"main","msg":"
    drop table if exists category cascade "}
{"ts":"2026-02-27T21:05:05.921","level":"DEBUG","logger":"org.hibernate.SQL","thread":"main","msg":"
    drop table if exists users cascade "}
{"ts":"2026-02-27T21:05:05.924","level":"DEBUG","logger":"org.hibernate.SQL","thread":"main","msg":"
    create table annonce (
        author_id bigint not null,
        category_id bigint not null,
        date timestamp(6),
        id bigint generated by default as identity,
        version bigint,
        adress varchar(64) not null,
        mail varchar(64) not null,
        title varchar(64) not null,
        description varchar(256) not null,
        status varchar(255) not null check (status in ('DRAFT','PUBLISHED','ARCHIVED')),
        primary key (id)
    )"}
{"ts":"2026-02-27T21:05:05.925","level":"INFO","logger":"o.hibernate.orm.connections.access","thread":"main","msg":"HHH10001501: Connection obtained from JdbcConnectionAccess [org.hibernate.engine.jdbc.env.internal.JdbcEnvironmentInitiator$ConnectionProviderJdbcConnectionAccess@43cbafa6] for (non-JTA) DDL execution was not in auto-commit mode; the Connection 'local transaction' will be committed and the Connection will be set into auto-commit mode."}
{"ts":"2026-02-27T21:05:05.928","level":"DEBUG","logger":"org.hibernate.SQL","thread":"main","msg":"
    create table category (
        id bigint generated by default as identity,
        label varchar(255) not null,
        primary key (id),
        constraint UKqa4k6p9mhd8aa4xc39uygxwut unique (label)
    )"}
{"ts":"2026-02-27T21:05:05.930","level":"DEBUG","logger":"org.hibernate.SQL","thread":"main","msg":"
    create table users (
        createdAt timestamp(6),
        id bigint generated by default as identity,
        email varchar(255) not null,
        password varchar(255) not null,
        username varchar(255) not null,
        primary key (id),
        constraint UKr43af9ap4edm43mmtq01oddj6 unique (username),
        constraint UK6dotkott2kjsp8vw4d0m25fb7 unique (email)
    )"}
{"ts":"2026-02-27T21:05:05.933","level":"DEBUG","logger":"org.hibernate.SQL","thread":"main","msg":"
    alter table if exists annonce 
       add constraint FK9c12exxpp9eanoc1ndnx9nad9 
       foreign key (author_id) 
       references users"}
{"ts":"2026-02-27T21:05:05.936","level":"DEBUG","logger":"org.hibernate.SQL","thread":"main","msg":"
    alter table if exists annonce 
       add constraint FKhplwwwg5ajvl7b8h10be2t30c 
       foreign key (category_id) 
       references category"}
{"ts":"2026-02-27T21:05:05.942","level":"DEBUG","logger":"org.hibernate.SQL","thread":"main","msg":"
    insert 
    into
        users
        (createdAt,email,password,username,id) 
    values
        (?,?,?,?,default)"}
{"ts":"2026-02-27T21:05:05.947","level":"DEBUG","logger":"org.hibernate.SQL","thread":"main","msg":"
    insert 
    into
        category
        (label,id) 
    values
        (?,default)"}
{"ts":"2026-02-27T21:05:05.954","level":"DEBUG","logger":"org.hibernate.SQL","thread":"main","msg":"
    select
        u1_0.id,
        u1_0.createdAt,
        u1_0.email,
        u1_0.password,
        u1_0.username 
    from
        users u1_0 
    where
        u1_0.username=?"}
{"ts":"2026-02-27T21:05:05.959","level":"DEBUG","logger":"org.hibernate.SQL","thread":"main","msg":"
    select
        c1_0.id,
        c1_0.label 
    from
        category c1_0 
    where
        c1_0.label=?"}
{"ts":"2026-02-27T21:05:05.961","level":"DEBUG","logger":"org.hibernate.SQL","thread":"main","msg":"
    insert 
    into
        annonce
        (adress,author_id,category_id,date,description,mail,status,title,version,id) 
    values
        (?,?,?,?,?,?,?,?,?,default)"}
{"ts":"2026-02-27T21:05:05.965","level":"INFO","logger":"o.hibernate.orm.connections.pooling","thread":"main","msg":"HHH10001008: Cleaning up connection pool [jdbc:h2:mem:testdb;MODE=PostgreSQL;DB_CLOSE_DELAY=-1]"}
{"ts":"2026-02-27T21:05:05.978","level":"INFO","logger":"o.h.jpa.internal.util.LogHelper","thread":"main","msg":"HHH000204: Processing PersistenceUnitInfo [name: h2-test]"}
{"ts":"2026-02-27T21:05:05.985","level":"WARN","logger":"o.hibernate.orm.connections.pooling","thread":"main","msg":"HHH10001002: Using built-in connection pool (not intended for production use)"}
{"ts":"2026-02-27T21:05:05.986","level":"INFO","logger":"o.hibernate.orm.connections.pooling","thread":"main","msg":"HHH10001005: Loaded JDBC driver class: org.h2.Driver"}
{"ts":"2026-02-27T21:05:05.986","level":"INFO","logger":"o.hibernate.orm.connections.pooling","thread":"main","msg":"HHH10001012: Connecting with JDBC URL [jdbc:h2:mem:testdb;MODE=PostgreSQL;DB_CLOSE_DELAY=-1]"}
{"ts":"2026-02-27T21:05:05.986","level":"INFO","logger":"o.hibernate.orm.connections.pooling","thread":"main","msg":"HHH10001001: Connection properties: {password=****, user=sa}"}
{"ts":"2026-02-27T21:05:05.987","level":"INFO","logger":"o.hibernate.orm.connections.pooling","thread":"main","msg":"HHH10001003: Autocommit mode: false"}
{"ts":"2026-02-27T21:05:05.987","level":"INFO","logger":"o.hibernate.orm.connections.pooling","thread":"main","msg":"HHH10001115: Connection pool size: 20 (min=1)"}
{"ts":"2026-02-27T21:05:05.990","level":"INFO","logger":"org.hibernate.orm.beans","thread":"main","msg":"HHH10005002: No explicit CDI BeanManager reference was passed to Hibernate, but CDI is available on the Hibernate ClassLoader."}
{"ts":"2026-02-27T21:05:06.010","level":"INFO","logger":"o.h.b.i.BytecodeProviderInitiator","thread":"main","msg":"HHH000021: Bytecode provider name : bytebuddy"}
{"ts":"2026-02-27T21:05:06.127","level":"INFO","logger":"o.h.e.t.j.p.i.JtaPlatformInitiator","thread":"main","msg":"HHH000490: Using JtaPlatform implementation: [org.hibernate.engine.transaction.jta.platform.internal.NoJtaPlatform]"}
{"ts":"2026-02-27T21:05:06.128","level":"DEBUG","logger":"org.hibernate.SQL","thread":"main","msg":"
    drop table if exists annonce cascade "}
{"ts":"2026-02-27T21:05:06.129","level":"INFO","logger":"o.hibernate.orm.connections.access","thread":"main","msg":"HHH10001501: Connection obtained from JdbcConnectionAccess [org.hibernate.engine.jdbc.env.internal.JdbcEnvironmentInitiator$ConnectionProviderJdbcConnectionAccess@77db231c] for (non-JTA) DDL execution was not in auto-commit mode; the Connection 'local transaction' will be committed and the Connection will be set into auto-commit mode."}
{"ts":"2026-02-27T21:05:06.131","level":"DEBUG","logger":"org.hibernate.SQL","thread":"main","msg":"
    drop table if exists category cascade "}
{"ts":"2026-02-27T21:05:06.133","level":"DEBUG","logger":"org.hibernate.SQL","thread":"main","msg":"
    drop table if exists users cascade "}
{"ts":"2026-02-27T21:05:06.138","level":"DEBUG","logger":"org.hibernate.SQL","thread":"main","msg":"
    create table annonce (
        author_id bigint not null,
        category_id bigint not null,
        date timestamp(6),
        id bigint generated by default as identity,
        version bigint,
        adress varchar(64) not null,
        mail varchar(64) not null,
        title varchar(64) not null,
        description varchar(256) not null,
        status varchar(255) not null check (status in ('DRAFT','PUBLISHED','ARCHIVED')),
        primary key (id)
    )"}
{"ts":"2026-02-27T21:05:06.139","level":"INFO","logger":"o.hibernate.orm.connections.access","thread":"main","msg":"HHH10001501: Connection obtained from JdbcConnectionAccess [org.hibernate.engine.jdbc.env.internal.JdbcEnvironmentInitiator$ConnectionProviderJdbcConnectionAccess@60b4d934] for (non-JTA) DDL execution was not in auto-commit mode; the Connection 'local transaction' will be committed and the Connection will be set into auto-commit mode."}
{"ts":"2026-02-27T21:05:06.142","level":"DEBUG","logger":"org.hibernate.SQL","thread":"main","msg":"
    create table category (
        id bigint generated by default as identity,
        label varchar(255) not null,
        primary key (id),
        constraint UKqa4k6p9mhd8aa4xc39uygxwut unique (label)
    )"}
{"ts":"2026-02-27T21:05:06.145","level":"DEBUG","logger":"org.hibernate.SQL","thread":"main","msg":"
    create table users (
        createdAt timestamp(6),
        id bigint generated by default as identity,
        email varchar(255) not null,
        password varchar(255) not null,
        username varchar(255) not null,
        primary key (id),
        constraint UKr43af9ap4edm43mmtq01oddj6 unique (username),
        constraint UK6dotkott2kjsp8vw4d0m25fb7 unique (email)
    )"}
{"ts":"2026-02-27T21:05:06.148","level":"DEBUG","logger":"org.hibernate.SQL","thread":"main","msg":"
    alter table if exists annonce 
       add constraint FK9c12exxpp9eanoc1ndnx9nad9 
       foreign key (author_id) 
       references users"}
{"ts":"2026-02-27T21:05:06.151","level":"DEBUG","logger":"org.hibernate.SQL","thread":"main","msg":"
    alter table if exists annonce 
       add constraint FKhplwwwg5ajvl7b8h10be2t30c 
       foreign key (category_id) 
       references category"}
{"ts":"2026-02-27T21:05:06.158","level":"DEBUG","logger":"org.hibernate.SQL","thread":"main","msg":"
    insert 
    into
        users
        (createdAt,email,password,username,id) 
    values
        (?,?,?,?,default)"}
{"ts":"2026-02-27T21:05:06.162","level":"DEBUG","logger":"org.hibernate.SQL","thread":"main","msg":"
    insert 
    into
        category
        (label,id) 
    values
        (?,default)"}
{"ts":"2026-02-27T21:05:06.172","level":"DEBUG","logger":"org.hibernate.SQL","thread":"main","msg":"
    select
        u1_0.id,
        u1_0.createdAt,
        u1_0.email,
        u1_0.password,
        u1_0.username 
    from
        users u1_0 
    where
        u1_0.username=?"}
{"ts":"2026-02-27T21:05:06.179","level":"DEBUG","logger":"org.hibernate.SQL","thread":"main","msg":"
    select
        c1_0.id,
        c1_0.label 
    from
        category c1_0 
    where
        c1_0.label=?"}
{"ts":"2026-02-27T21:05:06.182","level":"DEBUG","logger":"org.hibernate.SQL","thread":"main","msg":"
    insert 
    into
        annonce
        (adress,author_id,category_id,date,description,mail,status,title,version,id) 
    values
        (?,?,?,?,?,?,?,?,?,default)"}
{"ts":"2026-02-27T21:05:06.209","level":"DEBUG","logger":"org.hibernate.SQL","thread":"main","msg":"
    update
        annonce 
    set
        adress=?,
        author_id=?,
        category_id=?,
        date=?,
        description=?,
        mail=?,
        status=?,
        title=?,
        version=? 
    where
        id=? 
        and version=?"}
{"ts":"2026-02-27T21:05:06.221","level":"INFO","logger":"o.hibernate.orm.connections.pooling","thread":"main","msg":"HHH10001008: Cleaning up connection pool [jdbc:h2:mem:testdb;MODE=PostgreSQL;DB_CLOSE_DELAY=-1]"}
{"ts":"2026-02-27T21:05:06.237","level":"INFO","logger":"o.h.jpa.internal.util.LogHelper","thread":"main","msg":"HHH000204: Processing PersistenceUnitInfo [name: h2-test]"}
{"ts":"2026-02-27T21:05:06.248","level":"WARN","logger":"o.hibernate.orm.connections.pooling","thread":"main","msg":"HHH10001002: Using built-in connection pool (not intended for production use)"}
{"ts":"2026-02-27T21:05:06.248","level":"INFO","logger":"o.hibernate.orm.connections.pooling","thread":"main","msg":"HHH10001005: Loaded JDBC driver class: org.h2.Driver"}
{"ts":"2026-02-27T21:05:06.248","level":"INFO","logger":"o.hibernate.orm.connections.pooling","thread":"main","msg":"HHH10001012: Connecting with JDBC URL [jdbc:h2:mem:testdb;MODE=PostgreSQL;DB_CLOSE_DELAY=-1]"}
{"ts":"2026-02-27T21:05:06.249","level":"INFO","logger":"o.hibernate.orm.connections.pooling","thread":"main","msg":"HHH10001001: Connection properties: {password=****, user=sa}"}
{"ts":"2026-02-27T21:05:06.249","level":"INFO","logger":"o.hibernate.orm.connections.pooling","thread":"main","msg":"HHH10001003: Autocommit mode: false"}
{"ts":"2026-02-27T21:05:06.249","level":"INFO","logger":"o.hibernate.orm.connections.pooling","thread":"main","msg":"HHH10001115: Connection pool size: 20 (min=1)"}
{"ts":"2026-02-27T21:05:06.252","level":"INFO","logger":"org.hibernate.orm.beans","thread":"main","msg":"HHH10005002: No explicit CDI BeanManager reference was passed to Hibernate, but CDI is available on the Hibernate ClassLoader."}
{"ts":"2026-02-27T21:05:06.268","level":"INFO","logger":"o.h.b.i.BytecodeProviderInitiator","thread":"main","msg":"HHH000021: Bytecode provider name : bytebuddy"}
{"ts":"2026-02-27T21:05:06.337","level":"INFO","logger":"o.h.e.t.j.p.i.JtaPlatformInitiator","thread":"main","msg":"HHH000490: Using JtaPlatform implementation: [org.hibernate.engine.transaction.jta.platform.internal.NoJtaPlatform]"}
{"ts":"2026-02-27T21:05:06.338","level":"DEBUG","logger":"org.hibernate.SQL","thread":"main","msg":"
    drop table if exists annonce cascade "}
{"ts":"2026-02-27T21:05:06.338","level":"INFO","logger":"o.hibernate.orm.connections.access","thread":"main","msg":"HHH10001501: Connection obtained from JdbcConnectionAccess [org.hibernate.engine.jdbc.env.internal.JdbcEnvironmentInitiator$ConnectionProviderJdbcConnectionAccess@66130c3b] for (non-JTA) DDL execution was not in auto-commit mode; the Connection 'local transaction' will be committed and the Connection will be set into auto-commit mode."}
{"ts":"2026-02-27T21:05:06.340","level":"DEBUG","logger":"org.hibernate.SQL","thread":"main","msg":"
    drop table if exists category cascade "}
{"ts":"2026-02-27T21:05:06.341","level":"DEBUG","logger":"org.hibernate.SQL","thread":"main","msg":"
    drop table if exists users cascade "}
{"ts":"2026-02-27T21:05:06.344","level":"DEBUG","logger":"org.hibernate.SQL","thread":"main","msg":"
    create table annonce (
        author_id bigint not null,
        category_id bigint not null,
        date timestamp(6),
        id bigint generated by default as identity,
        version bigint,
        adress varchar(64) not null,
        mail varchar(64) not null,
        title varchar(64) not null,
        description varchar(256) not null,
        status varchar(255) not null check (status in ('DRAFT','PUBLISHED','ARCHIVED')),
        primary key (id)
    )"}
{"ts":"2026-02-27T21:05:06.344","level":"INFO","logger":"o.hibernate.orm.connections.access","thread":"main","msg":"HHH10001501: Connection obtained from JdbcConnectionAccess [org.hibernate.engine.jdbc.env.internal.JdbcEnvironmentInitiator$ConnectionProviderJdbcConnectionAccess@789d8fd6] for (non-JTA) DDL execution was not in auto-commit mode; the Connection 'local transaction' will be committed and the Connection will be set into auto-commit mode."}
{"ts":"2026-02-27T21:05:06.347","level":"DEBUG","logger":"org.hibernate.SQL","thread":"main","msg":"
    create table category (
        id bigint generated by default as identity,
        label varchar(255) not null,
        primary key (id),
        constraint UKqa4k6p9mhd8aa4xc39uygxwut unique (label)
    )"}
{"ts":"2026-02-27T21:05:06.349","level":"DEBUG","logger":"org.hibernate.SQL","thread":"main","msg":"
    create table users (
        createdAt timestamp(6),
        id bigint generated by default as identity,
        email varchar(255) not null,
        password varchar(255) not null,
        username varchar(255) not null,
        primary key (id),
        constraint UKr43af9ap4edm43mmtq01oddj6 unique (username),
        constraint UK6dotkott2kjsp8vw4d0m25fb7 unique (email)
    )"}
{"ts":"2026-02-27T21:05:06.352","level":"DEBUG","logger":"org.hibernate.SQL","thread":"main","msg":"
    alter table if exists annonce 
       add constraint FK9c12exxpp9eanoc1ndnx9nad9 
       foreign key (author_id) 
       references users"}
{"ts":"2026-02-27T21:05:06.355","level":"DEBUG","logger":"org.hibernate.SQL","thread":"main","msg":"
    alter table if exists annonce 
       add constraint FKhplwwwg5ajvl7b8h10be2t30c 
       foreign key (category_id) 
       references category"}
{"ts":"2026-02-27T21:05:06.360","level":"DEBUG","logger":"org.hibernate.SQL","thread":"main","msg":"
    insert 
    into
        users
        (createdAt,email,password,username,id) 
    values
        (?,?,?,?,default)"}
{"ts":"2026-02-27T21:05:06.365","level":"DEBUG","logger":"org.hibernate.SQL","thread":"main","msg":"
    insert 
    into
        category
        (label,id) 
    values
        (?,default)"}
{"ts":"2026-02-27T21:05:06.381","level":"DEBUG","logger":"org.hibernate.SQL","thread":"main","msg":"
    select
        u1_0.id,
        u1_0.createdAt,
        u1_0.email,
        u1_0.password,
        u1_0.username 
    from
        users u1_0 
    where
        u1_0.username=?"}
{"ts":"2026-02-27T21:05:06.394","level":"DEBUG","logger":"org.hibernate.SQL","thread":"main","msg":"
    select
        c1_0.id,
        c1_0.label 
    from
        category c1_0 
    where
        c1_0.label=?"}
{"ts":"2026-02-27T21:05:06.403","level":"DEBUG","logger":"org.hibernate.SQL","thread":"main","msg":"
    insert 
    into
        annonce
        (adress,author_id,category_id,date,description,mail,status,title,version,id) 
    values
        (?,?,?,?,?,?,?,?,?,default)"}
{"ts":"2026-02-27T21:05:06.413","level":"INFO","logger":"o.hibernate.orm.connections.pooling","thread":"main","msg":"HHH10001008: Cleaning up connection pool [jdbc:h2:mem:testdb;MODE=PostgreSQL;DB_CLOSE_DELAY=-1]"}
{"ts":"2026-02-27T21:05:06.451","level":"INFO","logger":"o.h.jpa.internal.util.LogHelper","thread":"main","msg":"HHH000204: Processing PersistenceUnitInfo [name: h2-test]"}
{"ts":"2026-02-27T21:05:06.478","level":"WARN","logger":"o.hibernate.orm.connections.pooling","thread":"main","msg":"HHH10001002: Using built-in connection pool (not intended for production use)"}
{"ts":"2026-02-27T21:05:06.478","level":"INFO","logger":"o.hibernate.orm.connections.pooling","thread":"main","msg":"HHH10001005: Loaded JDBC driver class: org.h2.Driver"}
{"ts":"2026-02-27T21:05:06.479","level":"INFO","logger":"o.hibernate.orm.connections.pooling","thread":"main","msg":"HHH10001012: Connecting with JDBC URL [jdbc:h2:mem:testdb;MODE=PostgreSQL;DB_CLOSE_DELAY=-1]"}
{"ts":"2026-02-27T21:05:06.479","level":"INFO","logger":"o.hibernate.orm.connections.pooling","thread":"main","msg":"HHH10001001: Connection properties: {password=****, user=sa}"}
{"ts":"2026-02-27T21:05:06.479","level":"INFO","logger":"o.hibernate.orm.connections.pooling","thread":"main","msg":"HHH10001003: Autocommit mode: false"}
{"ts":"2026-02-27T21:05:06.479","level":"INFO","logger":"o.hibernate.orm.connections.pooling","thread":"main","msg":"HHH10001115: Connection pool size: 20 (min=1)"}
{"ts":"2026-02-27T21:05:06.491","level":"INFO","logger":"org.hibernate.orm.beans","thread":"main","msg":"HHH10005002: No explicit CDI BeanManager reference was passed to Hibernate, but CDI is available on the Hibernate ClassLoader."}
{"ts":"2026-02-27T21:05:06.549","level":"INFO","logger":"o.h.b.i.BytecodeProviderInitiator","thread":"main","msg":"HHH000021: Bytecode provider name : bytebuddy"}
{"ts":"2026-02-27T21:05:06.696","level":"INFO","logger":"o.h.e.t.j.p.i.JtaPlatformInitiator","thread":"main","msg":"HHH000490: Using JtaPlatform implementation: [org.hibernate.engine.transaction.jta.platform.internal.NoJtaPlatform]"}
{"ts":"2026-02-27T21:05:06.705","level":"DEBUG","logger":"org.hibernate.SQL","thread":"main","msg":"
    drop table if exists annonce cascade "}
{"ts":"2026-02-27T21:05:06.705","level":"INFO","logger":"o.hibernate.orm.connections.access","thread":"main","msg":"HHH10001501: Connection obtained from JdbcConnectionAccess [org.hibernate.engine.jdbc.env.internal.JdbcEnvironmentInitiator$ConnectionProviderJdbcConnectionAccess@6f2bf657] for (non-JTA) DDL execution was not in auto-commit mode; the Connection 'local transaction' will be committed and the Connection will be set into auto-commit mode."}
{"ts":"2026-02-27T21:05:06.711","level":"DEBUG","logger":"org.hibernate.SQL","thread":"main","msg":"
    drop table if exists category cascade "}
{"ts":"2026-02-27T21:05:06.714","level":"DEBUG","logger":"org.hibernate.SQL","thread":"main","msg":"
    drop table if exists users cascade "}
{"ts":"2026-02-27T21:05:06.719","level":"DEBUG","logger":"org.hibernate.SQL","thread":"main","msg":"
    create table annonce (
        author_id bigint not null,
        category_id bigint not null,
        date timestamp(6),
        id bigint generated by default as identity,
        version bigint,
        adress varchar(64) not null,
        mail varchar(64) not null,
        title varchar(64) not null,
        description varchar(256) not null,
        status varchar(255) not null check (status in ('DRAFT','PUBLISHED','ARCHIVED')),
        primary key (id)
    )"}
{"ts":"2026-02-27T21:05:06.720","level":"INFO","logger":"o.hibernate.orm.connections.access","thread":"main","msg":"HHH10001501: Connection obtained from JdbcConnectionAccess [org.hibernate.engine.jdbc.env.internal.JdbcEnvironmentInitiator$ConnectionProviderJdbcConnectionAccess@5bf1b528] for (non-JTA) DDL execution was not in auto-commit mode; the Connection 'local transaction' will be committed and the Connection will be set into auto-commit mode."}
{"ts":"2026-02-27T21:05:06.724","level":"DEBUG","logger":"org.hibernate.SQL","thread":"main","msg":"
    create table category (
        id bigint generated by default as identity,
        label varchar(255) not null,
        primary key (id),
        constraint UKqa4k6p9mhd8aa4xc39uygxwut unique (label)
    )"}
{"ts":"2026-02-27T21:05:06.728","level":"DEBUG","logger":"org.hibernate.SQL","thread":"main","msg":"
    create table users (
        createdAt timestamp(6),
        id bigint generated by default as identity,
        email varchar(255) not null,
        password varchar(255) not null,
        username varchar(255) not null,
        primary key (id),
        constraint UKr43af9ap4edm43mmtq01oddj6 unique (username),
        constraint UK6dotkott2kjsp8vw4d0m25fb7 unique (email)
    )"}
{"ts":"2026-02-27T21:05:06.733","level":"DEBUG","logger":"org.hibernate.SQL","thread":"main","msg":"
    alter table if exists annonce 
       add constraint FK9c12exxpp9eanoc1ndnx9nad9 
       foreign key (author_id) 
       references users"}
{"ts":"2026-02-27T21:05:06.737","level":"DEBUG","logger":"org.hibernate.SQL","thread":"main","msg":"
    alter table if exists annonce 
       add constraint FKhplwwwg5ajvl7b8h10be2t30c 
       foreign key (category_id) 
       references category"}
{"ts":"2026-02-27T21:05:06.742","level":"DEBUG","logger":"org.hibernate.SQL","thread":"main","msg":"
    insert 
    into
        users
        (createdAt,email,password,username,id) 
    values
        (?,?,?,?,default)"}
{"ts":"2026-02-27T21:05:06.745","level":"DEBUG","logger":"org.hibernate.SQL","thread":"main","msg":"
    insert 
    into
        category
        (label,id) 
    values
        (?,default)"}
{"ts":"2026-02-27T21:05:06.753","level":"DEBUG","logger":"org.hibernate.SQL","thread":"main","msg":"
    select
        u1_0.id,
        u1_0.createdAt,
        u1_0.email,
        u1_0.password,
        u1_0.username 
    from
        users u1_0 
    where
        u1_0.username=?"}
{"ts":"2026-02-27T21:05:06.757","level":"DEBUG","logger":"org.hibernate.SQL","thread":"main","msg":"
    select
        c1_0.id,
        c1_0.label 
    from
        category c1_0 
    where
        c1_0.label=?"}
{"ts":"2026-02-27T21:05:06.760","level":"DEBUG","logger":"org.hibernate.SQL","thread":"main","msg":"
    insert 
    into
        annonce
        (adress,author_id,category_id,date,description,mail,status,title,version,id) 
    values
        (?,?,?,?,?,?,?,?,?,default)"}
{"ts":"2026-02-27T21:05:06.789","level":"DEBUG","logger":"org.hibernate.SQL","thread":"main","msg":"
    delete 
    from
        annonce 
    where
        id=? 
        and version=?"}
{"ts":"2026-02-27T21:05:06.797","level":"DEBUG","logger":"org.hibernate.SQL","thread":"main","msg":"
    select
        a1_0.id,
        a1_0.adress,
        a1_0.author_id,
        a2_0.id,
        a2_0.createdAt,
        a2_0.email,
        a2_0.password,
        a2_0.username,
        a1_0.category_id,
        c1_0.id,
        c1_0.label,
        a1_0.date,
        a1_0.description,
        a1_0.mail,
        a1_0.status,
        a1_0.title,
        a1_0.version 
    from
        annonce a1_0 
    join
        users a2_0 
            on a2_0.id=a1_0.author_id 
    join
        category c1_0 
            on c1_0.id=a1_0.category_id 
    where
        a1_0.id=?"}
{"ts":"2026-02-27T21:05:06.804","level":"INFO","logger":"o.hibernate.orm.connections.pooling","thread":"main","msg":"HHH10001008: Cleaning up connection pool [jdbc:h2:mem:testdb;MODE=PostgreSQL;DB_CLOSE_DELAY=-1]"}
{"ts":"2026-02-27T21:05:06.817","level":"INFO","logger":"o.h.jpa.internal.util.LogHelper","thread":"main","msg":"HHH000204: Processing PersistenceUnitInfo [name: h2-test]"}
{"ts":"2026-02-27T21:05:06.827","level":"WARN","logger":"o.hibernate.orm.connections.pooling","thread":"main","msg":"HHH10001002: Using built-in connection pool (not intended for production use)"}
{"ts":"2026-02-27T21:05:06.828","level":"INFO","logger":"o.hibernate.orm.connections.pooling","thread":"main","msg":"HHH10001005: Loaded JDBC driver class: org.h2.Driver"}
{"ts":"2026-02-27T21:05:06.828","level":"INFO","logger":"o.hibernate.orm.connections.pooling","thread":"main","msg":"HHH10001012: Connecting with JDBC URL [jdbc:h2:mem:testdb;MODE=PostgreSQL;DB_CLOSE_DELAY=-1]"}
{"ts":"2026-02-27T21:05:06.828","level":"INFO","logger":"o.hibernate.orm.connections.pooling","thread":"main","msg":"HHH10001001: Connection properties: {password=****, user=sa}"}
{"ts":"2026-02-27T21:05:06.829","level":"INFO","logger":"o.hibernate.orm.connections.pooling","thread":"main","msg":"HHH10001003: Autocommit mode: false"}
{"ts":"2026-02-27T21:05:06.829","level":"INFO","logger":"o.hibernate.orm.connections.pooling","thread":"main","msg":"HHH10001115: Connection pool size: 20 (min=1)"}
{"ts":"2026-02-27T21:05:06.831","level":"INFO","logger":"org.hibernate.orm.beans","thread":"main","msg":"HHH10005002: No explicit CDI BeanManager reference was passed to Hibernate, but CDI is available on the Hibernate ClassLoader."}
{"ts":"2026-02-27T21:05:06.854","level":"INFO","logger":"o.h.b.i.BytecodeProviderInitiator","thread":"main","msg":"HHH000021: Bytecode provider name : bytebuddy"}
{"ts":"2026-02-27T21:05:06.907","level":"INFO","logger":"o.h.e.t.j.p.i.JtaPlatformInitiator","thread":"main","msg":"HHH000490: Using JtaPlatform implementation: [org.hibernate.engine.transaction.jta.platform.internal.NoJtaPlatform]"}
{"ts":"2026-02-27T21:05:06.908","level":"DEBUG","logger":"org.hibernate.SQL","thread":"main","msg":"
    drop table if exists annonce cascade "}
{"ts":"2026-02-27T21:05:06.908","level":"INFO","logger":"o.hibernate.orm.connections.access","thread":"main","msg":"HHH10001501: Connection obtained from JdbcConnectionAccess [org.hibernate.engine.jdbc.env.internal.JdbcEnvironmentInitiator$ConnectionProviderJdbcConnectionAccess@f310675] for (non-JTA) DDL execution was not in auto-commit mode; the Connection 'local transaction' will be committed and the Connection will be set into auto-commit mode."}
{"ts":"2026-02-27T21:05:06.910","level":"DEBUG","logger":"org.hibernate.SQL","thread":"main","msg":"
    drop table if exists category cascade "}
{"ts":"2026-02-27T21:05:06.911","level":"DEBUG","logger":"org.hibernate.SQL","thread":"main","msg":"
    drop table if exists users cascade "}
{"ts":"2026-02-27T21:05:06.913","level":"DEBUG","logger":"org.hibernate.SQL","thread":"main","msg":"
    create table annonce (
        author_id bigint not null,
        category_id bigint not null,
        date timestamp(6),
        id bigint generated by default as identity,
        version bigint,
        adress varchar(64) not null,
        mail varchar(64) not null,
        title varchar(64) not null,
        description varchar(256) not null,
        status varchar(255) not null check (status in ('DRAFT','PUBLISHED','ARCHIVED')),
        primary key (id)
    )"}
{"ts":"2026-02-27T21:05:06.913","level":"INFO","logger":"o.hibernate.orm.connections.access","thread":"main","msg":"HHH10001501: Connection obtained from JdbcConnectionAccess [org.hibernate.engine.jdbc.env.internal.JdbcEnvironmentInitiator$ConnectionProviderJdbcConnectionAccess@424ec990] for (non-JTA) DDL execution was not in auto-commit mode; the Connection 'local transaction' will be committed and the Connection will be set into auto-commit mode."}
{"ts":"2026-02-27T21:05:06.915","level":"DEBUG","logger":"org.hibernate.SQL","thread":"main","msg":"
    create table category (
        id bigint generated by default as identity,
        label varchar(255) not null,
        primary key (id),
        constraint UKqa4k6p9mhd8aa4xc39uygxwut unique (label)
    )"}
{"ts":"2026-02-27T21:05:06.917","level":"DEBUG","logger":"org.hibernate.SQL","thread":"main","msg":"
    create table users (
        createdAt timestamp(6),
        id bigint generated by default as identity,
        email varchar(255) not null,
        password varchar(255) not null,
        username varchar(255) not null,
        primary key (id),
        constraint UKr43af9ap4edm43mmtq01oddj6 unique (username),
        constraint UK6dotkott2kjsp8vw4d0m25fb7 unique (email)
    )"}
{"ts":"2026-02-27T21:05:06.920","level":"DEBUG","logger":"org.hibernate.SQL","thread":"main","msg":"
    alter table if exists annonce 
       add constraint FK9c12exxpp9eanoc1ndnx9nad9 
       foreign key (author_id) 
       references users"}
{"ts":"2026-02-27T21:05:06.923","level":"DEBUG","logger":"org.hibernate.SQL","thread":"main","msg":"
    alter table if exists annonce 
       add constraint FKhplwwwg5ajvl7b8h10be2t30c 
       foreign key (category_id) 
       references category"}
{"ts":"2026-02-27T21:05:06.927","level":"DEBUG","logger":"org.hibernate.SQL","thread":"main","msg":"
    insert 
    into
        users
        (createdAt,email,password,username,id) 
    values
        (?,?,?,?,default)"}
{"ts":"2026-02-27T21:05:06.931","level":"DEBUG","logger":"org.hibernate.SQL","thread":"main","msg":"
    insert 
    into
        category
        (label,id) 
    values
        (?,default)"}
{"ts":"2026-02-27T21:05:06.937","level":"DEBUG","logger":"org.hibernate.SQL","thread":"main","msg":"
    select
        u1_0.id,
        u1_0.createdAt,
        u1_0.email,
        u1_0.password,
        u1_0.username 
    from
        users u1_0 
    where
        u1_0.username=?"}
{"ts":"2026-02-27T21:05:06.941","level":"DEBUG","logger":"org.hibernate.SQL","thread":"main","msg":"
    select
        c1_0.id,
        c1_0.label 
    from
        category c1_0 
    where
        c1_0.label=?"}
{"ts":"2026-02-27T21:05:06.943","level":"DEBUG","logger":"org.hibernate.SQL","thread":"main","msg":"
    insert 
    into
        annonce
        (adress,author_id,category_id,date,description,mail,status,title,version,id) 
    values
        (?,?,?,?,?,?,?,?,?,default)"}
{"ts":"2026-02-27T21:05:06.947","level":"DEBUG","logger":"org.hibernate.SQL","thread":"main","msg":"
    update
        annonce 
    set
        adress=?,
        author_id=?,
        category_id=?,
        date=?,
        description=?,
        mail=?,
        status=?,
        title=?,
        version=? 
    where
        id=? 
        and version=?"}
{"ts":"2026-02-27T21:05:06.949","level":"INFO","logger":"o.hibernate.orm.connections.pooling","thread":"main","msg":"HHH10001008: Cleaning up connection pool [jdbc:h2:mem:testdb;MODE=PostgreSQL;DB_CLOSE_DELAY=-1]"}
{"ts":"2026-02-27T21:05:06.965","level":"INFO","logger":"o.h.jpa.internal.util.LogHelper","thread":"main","msg":"HHH000204: Processing PersistenceUnitInfo [name: h2-test]"}
{"ts":"2026-02-27T21:05:06.974","level":"WARN","logger":"o.hibernate.orm.connections.pooling","thread":"main","msg":"HHH10001002: Using built-in connection pool (not intended for production use)"}
{"ts":"2026-02-27T21:05:06.974","level":"INFO","logger":"o.hibernate.orm.connections.pooling","thread":"main","msg":"HHH10001005: Loaded JDBC driver class: org.h2.Driver"}
{"ts":"2026-02-27T21:05:06.974","level":"INFO","logger":"o.hibernate.orm.connections.pooling","thread":"main","msg":"HHH10001012: Connecting with JDBC URL [jdbc:h2:mem:testdb;MODE=PostgreSQL;DB_CLOSE_DELAY=-1]"}
{"ts":"2026-02-27T21:05:06.974","level":"INFO","logger":"o.hibernate.orm.connections.pooling","thread":"main","msg":"HHH10001001: Connection properties: {password=****, user=sa}"}
{"ts":"2026-02-27T21:05:06.975","level":"INFO","logger":"o.hibernate.orm.connections.pooling","thread":"main","msg":"HHH10001003: Autocommit mode: false"}
{"ts":"2026-02-27T21:05:06.975","level":"INFO","logger":"o.hibernate.orm.connections.pooling","thread":"main","msg":"HHH10001115: Connection pool size: 20 (min=1)"}
{"ts":"2026-02-27T21:05:06.978","level":"INFO","logger":"org.hibernate.orm.beans","thread":"main","msg":"HHH10005002: No explicit CDI BeanManager reference was passed to Hibernate, but CDI is available on the Hibernate ClassLoader."}
{"ts":"2026-02-27T21:05:06.995","level":"INFO","logger":"o.h.b.i.BytecodeProviderInitiator","thread":"main","msg":"HHH000021: Bytecode provider name : bytebuddy"}
{"ts":"2026-02-27T21:05:07.053","level":"INFO","logger":"o.h.e.t.j.p.i.JtaPlatformInitiator","thread":"main","msg":"HHH000490: Using JtaPlatform implementation: [org.hibernate.engine.transaction.jta.platform.internal.NoJtaPlatform]"}
{"ts":"2026-02-27T21:05:07.054","level":"DEBUG","logger":"org.hibernate.SQL","thread":"main","msg":"
    drop table if exists annonce cascade "}
{"ts":"2026-02-27T21:05:07.054","level":"INFO","logger":"o.hibernate.orm.connections.access","thread":"main","msg":"HHH10001501: Connection obtained from JdbcConnectionAccess [org.hibernate.engine.jdbc.env.internal.JdbcEnvironmentInitiator$ConnectionProviderJdbcConnectionAccess@724c26e0] for (non-JTA) DDL execution was not in auto-commit mode; the Connection 'local transaction' will be committed and the Connection will be set into auto-commit mode."}
{"ts":"2026-02-27T21:05:07.055","level":"DEBUG","logger":"org.hibernate.SQL","thread":"main","msg":"
    drop table if exists category cascade "}
{"ts":"2026-02-27T21:05:07.056","level":"DEBUG","logger":"org.hibernate.SQL","thread":"main","msg":"
    drop table if exists users cascade "}
{"ts":"2026-02-27T21:05:07.057","level":"DEBUG","logger":"org.hibernate.SQL","thread":"main","msg":"
    create table annonce (
        author_id bigint not null,
        category_id bigint not null,
        date timestamp(6),
        id bigint generated by default as identity,
        version bigint,
        adress varchar(64) not null,
        mail varchar(64) not null,
        title varchar(64) not null,
        description varchar(256) not null,
        status varchar(255) not null check (status in ('DRAFT','PUBLISHED','ARCHIVED')),
        primary key (id)
    )"}
{"ts":"2026-02-27T21:05:07.057","level":"INFO","logger":"o.hibernate.orm.connections.access","thread":"main","msg":"HHH10001501: Connection obtained from JdbcConnectionAccess [org.hibernate.engine.jdbc.env.internal.JdbcEnvironmentInitiator$ConnectionProviderJdbcConnectionAccess@6055e899] for (non-JTA) DDL execution was not in auto-commit mode; the Connection 'local transaction' will be committed and the Connection will be set into auto-commit mode."}
{"ts":"2026-02-27T21:05:07.059","level":"DEBUG","logger":"org.hibernate.SQL","thread":"main","msg":"
    create table category (
        id bigint generated by default as identity,
        label varchar(255) not null,
        primary key (id),
        constraint UKqa4k6p9mhd8aa4xc39uygxwut unique (label)
    )"}
{"ts":"2026-02-27T21:05:07.061","level":"DEBUG","logger":"org.hibernate.SQL","thread":"main","msg":"
    create table users (
        createdAt timestamp(6),
        id bigint generated by default as identity,
        email varchar(255) not null,
        password varchar(255) not null,
        username varchar(255) not null,
        primary key (id),
        constraint UKr43af9ap4edm43mmtq01oddj6 unique (username),
        constraint UK6dotkott2kjsp8vw4d0m25fb7 unique (email)
    )"}
{"ts":"2026-02-27T21:05:07.063","level":"DEBUG","logger":"org.hibernate.SQL","thread":"main","msg":"
    alter table if exists annonce 
       add constraint FK9c12exxpp9eanoc1ndnx9nad9 
       foreign key (author_id) 
       references users"}
{"ts":"2026-02-27T21:05:07.064","level":"DEBUG","logger":"org.hibernate.SQL","thread":"main","msg":"
    alter table if exists annonce 
       add constraint FKhplwwwg5ajvl7b8h10be2t30c 
       foreign key (category_id) 
       references category"}
{"ts":"2026-02-27T21:05:07.067","level":"DEBUG","logger":"org.hibernate.SQL","thread":"main","msg":"
    insert 
    into
        users
        (createdAt,email,password,username,id) 
    values
        (?,?,?,?,default)"}
{"ts":"2026-02-27T21:05:07.069","level":"DEBUG","logger":"org.hibernate.SQL","thread":"main","msg":"
    insert 
    into
        category
        (label,id) 
    values
        (?,default)"}
{"ts":"2026-02-27T21:05:07.074","level":"DEBUG","logger":"org.hibernate.SQL","thread":"main","msg":"
    select
        u1_0.id,
        u1_0.createdAt,
        u1_0.email,
        u1_0.password,
        u1_0.username 
    from
        users u1_0 
    where
        u1_0.username=?"}
{"ts":"2026-02-27T21:05:07.077","level":"DEBUG","logger":"org.hibernate.SQL","thread":"main","msg":"
    select
        c1_0.id,
        c1_0.label 
    from
        category c1_0 
    where
        c1_0.label=?"}
{"ts":"2026-02-27T21:05:07.080","level":"DEBUG","logger":"org.hibernate.SQL","thread":"main","msg":"
    insert 
    into
        annonce
        (adress,author_id,category_id,date,description,mail,status,title,version,id) 
    values
        (?,?,?,?,?,?,?,?,?,default)"}
{"ts":"2026-02-27T21:05:07.083","level":"DEBUG","logger":"org.hibernate.SQL","thread":"main","msg":"
    insert 
    into
        annonce
        (adress,author_id,category_id,date,description,mail,status,title,version,id) 
    values
        (?,?,?,?,?,?,?,?,?,default)"}
{"ts":"2026-02-27T21:05:07.085","level":"DEBUG","logger":"org.hibernate.SQL","thread":"main","msg":"
    insert 
    into
        annonce
        (adress,author_id,category_id,date,description,mail,status,title,version,id) 
    values
        (?,?,?,?,?,?,?,?,?,default)"}
{"ts":"2026-02-27T21:05:07.087","level":"DEBUG","logger":"org.hibernate.SQL","thread":"main","msg":"
    insert 
    into
        annonce
        (adress,author_id,category_id,date,description,mail,status,title,version,id) 
    values
        (?,?,?,?,?,?,?,?,?,default)"}
{"ts":"2026-02-27T21:05:07.089","level":"DEBUG","logger":"org.hibernate.SQL","thread":"main","msg":"
    insert 
    into
        annonce
        (adress,author_id,category_id,date,description,mail,status,title,version,id) 
    values
        (?,?,?,?,?,?,?,?,?,default)"}
{"ts":"2026-02-27T21:05:07.091","level":"DEBUG","logger":"org.hibernate.SQL","thread":"main","msg":"
    insert 
    into
        annonce
        (adress,author_id,category_id,date,description,mail,status,title,version,id) 
    values
        (?,?,?,?,?,?,?,?,?,default)"}
{"ts":"2026-02-27T21:05:07.092","level":"DEBUG","logger":"org.hibernate.SQL","thread":"main","msg":"
    insert 
    into
        annonce
        (adress,author_id,category_id,date,description,mail,status,title,version,id) 
    values
        (?,?,?,?,?,?,?,?,?,default)"}
{"ts":"2026-02-27T21:05:07.094","level":"DEBUG","logger":"org.hibernate.SQL","thread":"main","msg":"
    insert 
    into
        annonce
        (adress,author_id,category_id,date,description,mail,status,title,version,id) 
    values
        (?,?,?,?,?,?,?,?,?,default)"}
{"ts":"2026-02-27T21:05:07.095","level":"DEBUG","logger":"org.hibernate.SQL","thread":"main","msg":"
    insert 
    into
        annonce
        (adress,author_id,category_id,date,description,mail,status,title,version,id) 
    values
        (?,?,?,?,?,?,?,?,?,default)"}
{"ts":"2026-02-27T21:05:07.097","level":"DEBUG","logger":"org.hibernate.SQL","thread":"main","msg":"
    insert 
    into
        annonce
        (adress,author_id,category_id,date,description,mail,status,title,version,id) 
    values
        (?,?,?,?,?,?,?,?,?,default)"}
{"ts":"2026-02-27T21:05:07.098","level":"DEBUG","logger":"org.hibernate.SQL","thread":"main","msg":"
    insert 
    into
        annonce
        (adress,author_id,category_id,date,description,mail,status,title,version,id) 
    values
        (?,?,?,?,?,?,?,?,?,default)"}
{"ts":"2026-02-27T21:05:07.099","level":"DEBUG","logger":"org.hibernate.SQL","thread":"main","msg":"
    insert 
    into
        annonce
        (adress,author_id,category_id,date,description,mail,status,title,version,id) 
    values
        (?,?,?,?,?,?,?,?,?,default)"}
{"ts":"2026-02-27T21:05:07.100","level":"DEBUG","logger":"org.hibernate.SQL","thread":"main","msg":"
    insert 
    into
        annonce
        (adress,author_id,category_id,date,description,mail,status,title,version,id) 
    values
        (?,?,?,?,?,?,?,?,?,default)"}
{"ts":"2026-02-27T21:05:07.101","level":"DEBUG","logger":"org.hibernate.SQL","thread":"main","msg":"
    insert 
    into
        annonce
        (adress,author_id,category_id,date,description,mail,status,title,version,id) 
    values
        (?,?,?,?,?,?,?,?,?,default)"}
{"ts":"2026-02-27T21:05:07.102","level":"DEBUG","logger":"org.hibernate.SQL","thread":"main","msg":"
    insert 
    into
        annonce
        (adress,author_id,category_id,date,description,mail,status,title,version,id) 
    values
        (?,?,?,?,?,?,?,?,?,default)"}
{"ts":"2026-02-27T21:05:07.107","level":"DEBUG","logger":"org.hibernate.SQL","thread":"main","msg":"
    select
        a1_0.id,
        a1_0.adress,
        a1_0.author_id,
        a1_0.category_id,
        a1_0.date,
        a1_0.description,
        a1_0.mail,
        a1_0.status,
        a1_0.title,
        a1_0.version 
    from
        annonce a1_0 
    where
        1=1 
    order by
        a1_0.date desc offset ? rows fetch first ? rows only"}
{"ts":"2026-02-27T21:05:07.109","level":"DEBUG","logger":"org.hibernate.SQL","thread":"main","msg":"
    select
        a1_0.id,
        a1_0.adress,
        a1_0.author_id,
        a1_0.category_id,
        a1_0.date,
        a1_0.description,
        a1_0.mail,
        a1_0.status,
        a1_0.title,
        a1_0.version 
    from
        annonce a1_0 
    where
        1=1 
    order by
        a1_0.date desc offset ? rows fetch first ? rows only"}
{"ts":"2026-02-27T21:05:07.111","level":"INFO","logger":"o.hibernate.orm.connections.pooling","thread":"main","msg":"HHH10001008: Cleaning up connection pool [jdbc:h2:mem:testdb;MODE=PostgreSQL;DB_CLOSE_DELAY=-1]"}
